<!DOCTYPE html>
<html>
<head lang="en">
	<meta charset="UTF-8">
	<title>Just a page</title>
</head>
<body>


	<p>This page is always good</p>

</body>
</html>