<!DOCTYPE html>
<html>
<head lang="en">
	<meta charset="UTF-8">
	<title>Just a page</title>
</head>
<body>

	<h1>This is a LOCAL page</h1>

	<p>This page is always good</p>

</body>
</html>